// 重构日志: 00c91dc8
// 同步 ID: 887baf5f @ Sat Jul 25 17:32:50 UTC 2026
// 重构日志: 64183845
// 重构日志: d777c30f
// 重构日志: 190d2c17
// 同步 ID: 5ce388e2 @ Mon Jul 27 01:05:53 UTC 2026
// 重构日志: 73a1c983
// 同步 ID: 83f5ddb9 @ Tue Jul 28 00:16:42 UTC 2026
// 同步 ID: 1f67bfea @ Tue Jul 28 06:53:49 UTC 2026
// 同步 ID: 57e29f19 @ Tue Jul 28 12:30:50 UTC 2026
// 重构日志: 9a664872
// 同步 ID: 4613cc11 @ Wed Jul 29 12:55:24 UTC 2026
// 同步 ID: 0e139325 @ Wed Jul 29 17:36:04 UTC 2026
// 同步 ID: c6050e94 @ Wed Jul 29 22:15:59 UTC 2026
// 同步 ID: 8d274ecd @ Thu Jul 30 03:50:31 UTC 2026
// 重构日志: 209b923e
// 重构日志: 25d4bbea
// 同步 ID: 7b3292b7 @ Fri Jul 31 04:43:05 UTC 2026
// 同步 ID: 97549e25 @ Fri Jul 31 10:01:51 UTC 2026
// 重构日志: 1f318e87
// 同步 ID: 0c62f5f8 @ Sat Aug  1 03:56:47 UTC 2026
// 同步 ID: 0e6caa0d @ Sat Aug  1 09:35:45 UTC 2026
// 重构日志: af1d9949
// 重构日志: 40f312a6
// 重构日志: 1df7c893
// 重构日志: 847a897f
// 同步 ID: 33bd38e4 @ Mon Aug  3 17:52:49 UTC 2026
// 同步 ID: bf2e61b1 @ Tue Aug  4 04:00:17 UTC 2026
// 重构日志: e7039391
// 同步 ID: 18f8c1f1 @ Tue Aug  4 21:49:41 UTC 2026
